
> TangoTiempo-be@0.9.0 start
> node server.js

Server running on port 3001
MongoDB connection error: MongooseServerSelectionError: Could not connect to any servers in your MongoDB Atlas cluster. One common reason is that you're trying to access the database from an IP that isn't whitelisted. Make sure your current IP address is on your Atlas cluster's IP whitelist: https://www.mongodb.com/docs/atlas/security-whitelist/
router.get orgs {}
No query parameters provided. Cannot fetch all organizers.
router.get orgs {}
No query parameters provided. Cannot fetch all organizers.
router.get orgs {}
No query parameters provided. Cannot fetch all organizers.
router.get orgs {}
No query parameters provided. Cannot fetch all organizers.
router.get orgs {}
No query parameters provided. Cannot fetch all organizers.
router.get orgs {}
No query parameters provided. Cannot fetch all organizers.
Error fetching active regions: MongooseError: Operation `regions.find()` buffering timed out after 10000ms
    at Timeout.<anonymous> (/Users/tobybalsley/MyDocs/AppDev/TangoTiempo/BE/node_modules/mongoose/lib/drivers/node-mongodb-native/collection.js:185:23)
    at listOnTimeout (node:internal/timers:581:17)
    at process.processTimers (node:internal/timers:519:7)
Error fetching categories: MongooseError: Operation `categories.find()` buffering timed out after 10000ms
    at Timeout.<anonymous> (/Users/tobybalsley/MyDocs/AppDev/TangoTiempo/BE/node_modules/mongoose/lib/drivers/node-mongodb-native/collection.js:185:23)
    at listOnTimeout (node:internal/timers:581:17)
    at process.processTimers (node:internal/timers:519:7)
Error fetching active regions: MongooseError: Operation `regions.find()` buffering timed out after 10000ms
    at Timeout.<anonymous> (/Users/tobybalsley/MyDocs/AppDev/TangoTiempo/BE/node_modules/mongoose/lib/drivers/node-mongodb-native/collection.js:185:23)
    at listOnTimeout (node:internal/timers:581:17)
    at process.processTimers (node:internal/timers:519:7)
Error fetching active regions: MongooseError: Operation `regions.find()` buffering timed out after 10000ms
    at Timeout.<anonymous> (/Users/tobybalsley/MyDocs/AppDev/TangoTiempo/BE/node_modules/mongoose/lib/drivers/node-mongodb-native/collection.js:185:23)
    at listOnTimeout (node:internal/timers:581:17)
    at process.processTimers (node:internal/timers:519:7)
Error fetching user login by Firebase ID: MongooseError: Operation `userlogins.findOne()` buffering timed out after 10000ms
    at Timeout.<anonymous> (/Users/tobybalsley/MyDocs/AppDev/TangoTiempo/BE/node_modules/mongoose/lib/drivers/node-mongodb-native/collection.js:185:23)
    at listOnTimeout (node:internal/timers:581:17)
    at process.processTimers (node:internal/timers:519:7)
Error fetching user login by Firebase ID: MongooseError: Operation `userlogins.findOne()` buffering timed out after 10000ms
    at Timeout.<anonymous> (/Users/tobybalsley/MyDocs/AppDev/TangoTiempo/BE/node_modules/mongoose/lib/drivers/node-mongodb-native/collection.js:185:23)
    at listOnTimeout (node:internal/timers:581:17)
    at process.processTimers (node:internal/timers:519:7)
Error fetching active regions: MongooseError: Operation `regions.find()` buffering timed out after 10000ms
    at Timeout.<anonymous> (/Users/tobybalsley/MyDocs/AppDev/TangoTiempo/BE/node_modules/mongoose/lib/drivers/node-mongodb-native/collection.js:185:23)
    at listOnTimeout (node:internal/timers:581:17)
    at process.processTimers (node:internal/timers:519:7)
Error fetching active regions: MongooseError: Operation `regions.find()` buffering timed out after 10000ms
    at Timeout.<anonymous> (/Users/tobybalsley/MyDocs/AppDev/TangoTiempo/BE/node_modules/mongoose/lib/drivers/node-mongodb-native/collection.js:185:23)
    at listOnTimeout (node:internal/timers:581:17)
    at process.processTimers (node:internal/timers:519:7)
router.get orgs {}
No query parameters provided. Cannot fetch all organizers.
router.get orgs {}
No query parameters provided. Cannot fetch all organizers.
router.get orgs {}
No query parameters provided. Cannot fetch all organizers.
router.get orgs {}
No query parameters provided. Cannot fetch all organizers.
Error fetching user login by Firebase ID: MongooseError: Operation `userlogins.findOne()` buffering timed out after 10000ms
    at Timeout.<anonymous> (/Users/tobybalsley/MyDocs/AppDev/TangoTiempo/BE/node_modules/mongoose/lib/drivers/node-mongodb-native/collection.js:185:23)
    at listOnTimeout (node:internal/timers:581:17)
    at process.processTimers (node:internal/timers:519:7)
router.get orgs {}
No query parameters provided. Cannot fetch all organizers.
router.get orgs {}
No query parameters provided. Cannot fetch all organizers.
Error fetching user login by Firebase ID: MongooseError: Operation `userlogins.findOne()` buffering timed out after 10000ms
    at Timeout.<anonymous> (/Users/tobybalsley/MyDocs/AppDev/TangoTiempo/BE/node_modules/mongoose/lib/drivers/node-mongodb-native/collection.js:185:23)
    at listOnTimeout (node:internal/timers:581:17)
    at process.processTimers (node:internal/timers:519:7)
Error fetching user login by Firebase ID: MongooseError: Operation `userlogins.findOne()` buffering timed out after 10000ms
    at Timeout.<anonymous> (/Users/tobybalsley/MyDocs/AppDev/TangoTiempo/BE/node_modules/mongoose/lib/drivers/node-mongodb-native/collection.js:185:23)
    at listOnTimeout (node:internal/timers:581:17)
    at process.processTimers (node:internal/timers:519:7)
router.get orgs {}
No query parameters provided. Cannot fetch all organizers.
router.get orgs {}
No query parameters provided. Cannot fetch all organizers.
Error fetching active regions: MongooseError: Operation `regions.find()` buffering timed out after 10000ms
    at Timeout.<anonymous> (/Users/tobybalsley/MyDocs/AppDev/TangoTiempo/BE/node_modules/mongoose/lib/drivers/node-mongodb-native/collection.js:185:23)
    at listOnTimeout (node:internal/timers:581:17)
    at process.processTimers (node:internal/timers:519:7)
Error fetching categories: MongooseError: Operation `categories.find()` buffering timed out after 10000ms
    at Timeout.<anonymous> (/Users/tobybalsley/MyDocs/AppDev/TangoTiempo/BE/node_modules/mongoose/lib/drivers/node-mongodb-native/collection.js:185:23)
    at listOnTimeout (node:internal/timers:581:17)
    at process.processTimers (node:internal/timers:519:7)
router.get orgs {}
No query parameters provided. Cannot fetch all organizers.
router.get orgs {}
No query parameters provided. Cannot fetch all organizers.
Error fetching active regions: MongooseError: Operation `regions.find()` buffering timed out after 10000ms
    at Timeout.<anonymous> (/Users/tobybalsley/MyDocs/AppDev/TangoTiempo/BE/node_modules/mongoose/lib/drivers/node-mongodb-native/collection.js:185:23)
    at listOnTimeout (node:internal/timers:581:17)
    at process.processTimers (node:internal/timers:519:7)
Error fetching categories: MongooseError: Operation `categories.find()` buffering timed out after 10000ms
    at Timeout.<anonymous> (/Users/tobybalsley/MyDocs/AppDev/TangoTiempo/BE/node_modules/mongoose/lib/drivers/node-mongodb-native/collection.js:185:23)
    at listOnTimeout (node:internal/timers:581:17)
    at process.processTimers (node:internal/timers:519:7)
Error fetching active regions: MongooseError: Operation `regions.find()` buffering timed out after 10000ms
    at Timeout.<anonymous> (/Users/tobybalsley/MyDocs/AppDev/TangoTiempo/BE/node_modules/mongoose/lib/drivers/node-mongodb-native/collection.js:185:23)
    at listOnTimeout (node:internal/timers:581:17)
    at process.processTimers (node:internal/timers:519:7)
router.get orgs {}
No query parameters provided. Cannot fetch all organizers.
router.get orgs {}
No query parameters provided. Cannot fetch all organizers.
Error fetching user login by Firebase ID: MongooseError: Operation `userlogins.findOne()` buffering timed out after 10000ms
    at Timeout.<anonymous> (/Users/tobybalsley/MyDocs/AppDev/TangoTiempo/BE/node_modules/mongoose/lib/drivers/node-mongodb-native/collection.js:185:23)
    at listOnTimeout (node:internal/timers:581:17)
    at process.processTimers (node:internal/timers:519:7)
Error fetching active regions: MongooseError: Operation `regions.find()` buffering timed out after 10000ms
    at Timeout.<anonymous> (/Users/tobybalsley/MyDocs/AppDev/TangoTiempo/BE/node_modules/mongoose/lib/drivers/node-mongodb-native/collection.js:185:23)
    at listOnTimeout (node:internal/timers:581:17)
    at process.processTimers (node:internal/timers:519:7)
Error fetching user login by Firebase ID: MongooseError: Operation `userlogins.findOne()` buffering timed out after 10000ms
    at Timeout.<anonymous> (/Users/tobybalsley/MyDocs/AppDev/TangoTiempo/BE/node_modules/mongoose/lib/drivers/node-mongodb-native/collection.js:185:23)
    at listOnTimeout (node:internal/timers:581:17)
    at process.processTimers (node:internal/timers:519:7)
Error fetching active regions: MongooseError: Operation `regions.find()` buffering timed out after 10000ms
    at Timeout.<anonymous> (/Users/tobybalsley/MyDocs/AppDev/TangoTiempo/BE/node_modules/mongoose/lib/drivers/node-mongodb-native/collection.js:185:23)
    at listOnTimeout (node:internal/timers:581:17)
    at process.processTimers (node:internal/timers:519:7)
router.get orgs {}
No query parameters provided. Cannot fetch all organizers.
router.get orgs {}
No query parameters provided. Cannot fetch all organizers.
Error fetching user login by Firebase ID: MongooseError: Operation `userlogins.findOne()` buffering timed out after 10000ms
    at Timeout.<anonymous> (/Users/tobybalsley/MyDocs/AppDev/TangoTiempo/BE/node_modules/mongoose/lib/drivers/node-mongodb-native/collection.js:185:23)
    at listOnTimeout (node:internal/timers:581:17)
    at process.processTimers (node:internal/timers:519:7)
Error fetching active regions: MongooseError: Operation `regions.find()` buffering timed out after 10000ms
    at Timeout.<anonymous> (/Users/tobybalsley/MyDocs/AppDev/TangoTiempo/BE/node_modules/mongoose/lib/drivers/node-mongodb-native/collection.js:185:23)
    at listOnTimeout (node:internal/timers:581:17)
    at process.processTimers (node:internal/timers:519:7)
Error fetching user login by Firebase ID: MongooseError: Operation `userlogins.findOne()` buffering timed out after 10000ms
    at Timeout.<anonymous> (/Users/tobybalsley/MyDocs/AppDev/TangoTiempo/BE/node_modules/mongoose/lib/drivers/node-mongodb-native/collection.js:185:23)
    at listOnTimeout (node:internal/timers:581:17)
    at process.processTimers (node:internal/timers:519:7)
Error fetching active regions: MongooseError: Operation `regions.find()` buffering timed out after 10000ms
    at Timeout.<anonymous> (/Users/tobybalsley/MyDocs/AppDev/TangoTiempo/BE/node_modules/mongoose/lib/drivers/node-mongodb-native/collection.js:185:23)
    at listOnTimeout (node:internal/timers:581:17)
    at process.processTimers (node:internal/timers:519:7)
router.get orgs {}
No query parameters provided. Cannot fetch all organizers.
router.get orgs {}
No query parameters provided. Cannot fetch all organizers.
Error fetching active regions: MongooseError: Operation `regions.find()` buffering timed out after 10000ms
    at Timeout.<anonymous> (/Users/tobybalsley/MyDocs/AppDev/TangoTiempo/BE/node_modules/mongoose/lib/drivers/node-mongodb-native/collection.js:185:23)
    at listOnTimeout (node:internal/timers:581:17)
    at process.processTimers (node:internal/timers:519:7)
Error fetching active regions: MongooseError: Operation `regions.find()` buffering timed out after 10000ms
    at Timeout.<anonymous> (/Users/tobybalsley/MyDocs/AppDev/TangoTiempo/BE/node_modules/mongoose/lib/drivers/node-mongodb-native/collection.js:185:23)
    at listOnTimeout (node:internal/timers:581:17)
    at process.processTimers (node:internal/timers:519:7)
Error fetching active regions: MongooseError: Operation `regions.find()` buffering timed out after 10000ms
    at Timeout.<anonymous> (/Users/tobybalsley/MyDocs/AppDev/TangoTiempo/BE/node_modules/mongoose/lib/drivers/node-mongodb-native/collection.js:185:23)
    at listOnTimeout (node:internal/timers:581:17)
    at process.processTimers (node:internal/timers:519:7)
Error fetching categories: MongooseError: Operation `categories.find()` buffering timed out after 10000ms
    at Timeout.<anonymous> (/Users/tobybalsley/MyDocs/AppDev/TangoTiempo/BE/node_modules/mongoose/lib/drivers/node-mongodb-native/collection.js:185:23)
    at listOnTimeout (node:internal/timers:581:17)
    at process.processTimers (node:internal/timers:519:7)
Error fetching categories: MongooseError: Operation `categories.find()` buffering timed out after 10000ms
    at Timeout.<anonymous> (/Users/tobybalsley/MyDocs/AppDev/TangoTiempo/BE/node_modules/mongoose/lib/drivers/node-mongodb-native/collection.js:185:23)
    at listOnTimeout (node:internal/timers:581:17)
    at process.processTimers (node:internal/timers:519:7)
router.get orgs {}
No query parameters provided. Cannot fetch all organizers.
router.get orgs {}
No query parameters provided. Cannot fetch all organizers.
Error fetching active regions: MongooseError: Operation `regions.find()` buffering timed out after 10000ms
    at Timeout.<anonymous> (/Users/tobybalsley/MyDocs/AppDev/TangoTiempo/BE/node_modules/mongoose/lib/drivers/node-mongodb-native/collection.js:185:23)
    at listOnTimeout (node:internal/timers:581:17)
    at process.processTimers (node:internal/timers:519:7)
Error fetching user login by Firebase ID: MongooseError: Operation `userlogins.findOne()` buffering timed out after 10000ms
    at Timeout.<anonymous> (/Users/tobybalsley/MyDocs/AppDev/TangoTiempo/BE/node_modules/mongoose/lib/drivers/node-mongodb-native/collection.js:185:23)
    at listOnTimeout (node:internal/timers:581:17)
    at process.processTimers (node:internal/timers:519:7)
Error fetching active regions: MongooseError: Operation `regions.find()` buffering timed out after 10000ms
    at Timeout.<anonymous> (/Users/tobybalsley/MyDocs/AppDev/TangoTiempo/BE/node_modules/mongoose/lib/drivers/node-mongodb-native/collection.js:185:23)
    at listOnTimeout (node:internal/timers:581:17)
    at process.processTimers (node:internal/timers:519:7)
Error fetching user login by Firebase ID: MongooseError: Operation `userlogins.findOne()` buffering timed out after 10000ms
    at Timeout.<anonymous> (/Users/tobybalsley/MyDocs/AppDev/TangoTiempo/BE/node_modules/mongoose/lib/drivers/node-mongodb-native/collection.js:185:23)
    at listOnTimeout (node:internal/timers:581:17)
    at process.processTimers (node:internal/timers:519:7)
Error fetching active regions: MongooseError: Operation `regions.find()` buffering timed out after 10000ms
    at Timeout.<anonymous> (/Users/tobybalsley/MyDocs/AppDev/TangoTiempo/BE/node_modules/mongoose/lib/drivers/node-mongodb-native/collection.js:185:23)
    at listOnTimeout (node:internal/timers:581:17)
    at process.processTimers (node:internal/timers:519:7)
Error fetching active regions: MongooseError: Operation `regions.find()` buffering timed out after 10000ms
    at Timeout.<anonymous> (/Users/tobybalsley/MyDocs/AppDev/TangoTiempo/BE/node_modules/mongoose/lib/drivers/node-mongodb-native/collection.js:185:23)
    at listOnTimeout (node:internal/timers:581:17)
    at process.processTimers (node:internal/timers:519:7)
router.get orgs {}
No query parameters provided. Cannot fetch all organizers.
router.get orgs {}
No query parameters provided. Cannot fetch all organizers.
Error fetching user login by Firebase ID: MongooseError: Operation `userlogins.findOne()` buffering timed out after 10000ms
    at Timeout.<anonymous> (/Users/tobybalsley/MyDocs/AppDev/TangoTiempo/BE/node_modules/mongoose/lib/drivers/node-mongodb-native/collection.js:185:23)
    at listOnTimeout (node:internal/timers:581:17)
    at process.processTimers (node:internal/timers:519:7)
router.get orgs {}
No query parameters provided. Cannot fetch all organizers.
router.get orgs {}
No query parameters provided. Cannot fetch all organizers.
Error fetching active regions: MongooseError: Operation `regions.find()` buffering timed out after 10000ms
    at Timeout.<anonymous> (/Users/tobybalsley/MyDocs/AppDev/TangoTiempo/BE/node_modules/mongoose/lib/drivers/node-mongodb-native/collection.js:185:23)
    at listOnTimeout (node:internal/timers:581:17)
    at process.processTimers (node:internal/timers:519:7)
Error fetching active regions: MongooseError: Operation `regions.find()` buffering timed out after 10000ms
    at Timeout.<anonymous> (/Users/tobybalsley/MyDocs/AppDev/TangoTiempo/BE/node_modules/mongoose/lib/drivers/node-mongodb-native/collection.js:185:23)
    at listOnTimeout (node:internal/timers:581:17)
    at process.processTimers (node:internal/timers:519:7)
Error fetching categories: MongooseError: Operation `categories.find()` buffering timed out after 10000ms
    at Timeout.<anonymous> (/Users/tobybalsley/MyDocs/AppDev/TangoTiempo/BE/node_modules/mongoose/lib/drivers/node-mongodb-native/collection.js:185:23)
    at listOnTimeout (node:internal/timers:581:17)
    at process.processTimers (node:internal/timers:519:7)
Error fetching categories: MongooseError: Operation `categories.find()` buffering timed out after 10000ms
    at Timeout.<anonymous> (/Users/tobybalsley/MyDocs/AppDev/TangoTiempo/BE/node_modules/mongoose/lib/drivers/node-mongodb-native/collection.js:185:23)
    at listOnTimeout (node:internal/timers:581:17)
    at process.processTimers (node:internal/timers:519:7)
